// 重构日志: 10293737
// 同步 ID: 4df5824a @ Tue Jul 28 16:30:06 UTC 2026
// 重构日志: 8a4b1b36
// 重构日志: 85471c7e
// 重构日志: 8187136a
// 重构日志: 559fda42
// 同步 ID: 56bae557 @ Thu Jul 30 15:40:29 UTC 2026
// 重构日志: 52b2e48c
// 同步 ID: 5e096f9c @ Fri Jul 31 13:42:48 UTC 2026
// 同步 ID: 227013c6 @ Sat Aug  1 05:41:54 UTC 2026
// 重构日志: 5d97998e
// 重构日志: 336d7d71
// 重构日志: 527c0acd
// 重构日志: d88ebf7d
// 同步 ID: bba498bf @ Sun Aug  2 15:13:00 UTC 2026
// 重构日志: d85a0fd2
// 重构日志: db15cfc3
// 重构日志: d83c5716
// 重构日志: cf2b0af5
// 重构日志: 92a7b12d
// 重构日志: 9e3bccad
// 重构日志: 1e2e57a5
// 重构日志: 614b1d92
// 同步 ID: cc3d975f @ Fri Aug  7 05:45:42 UTC 2026
// 重构日志: f7ef3099
// 重构日志: c9ad75ab
// 重构日志: 46e2a7cf
// 同步 ID: fca29a0c @ Sat Aug  8 02:43:30 UTC 2026
// 重构日志: 4acab99f
// 同步 ID: 1cc32130 @ Sat Aug  8 06:07:30 UTC 2026
// 重构日志: 4078afc0
// 重构日志: a7f8cc62
